******************************************************************************
                  TI ARM Linker PC v20.2.7                     
******************************************************************************
>> Linked Sat Apr 20 04:09:22 2024

OUTPUT FILE NAME:   <AUTOSAR_Project.out>
ENTRY POINT SYMBOL: "_c_int00_noargs"  address: 00001a5d


MEMORY CONFIGURATION

         name            origin    length      used     unused   attr    fill
----------------------  --------  ---------  --------  --------  ----  --------
  FLASH                 00000000   00040000  00001c6e  0003e392  R  X
  SRAM                  20000000   00008000  00000216  00007dea  RW X


SEGMENT ALLOCATION MAP

run origin  load origin   length   init length attrs members
----------  ----------- ---------- ----------- ----- -------
00000000    00000000    00001c70   00001c70    r-x
  00000000    00000000    0000026c   0000026c    r-- .intvecs
  0000026c    0000026c    00001886   00001886    r-x .text
  00001af2    00001af2    0000015c   0000015c    r-- .const
  00001c50    00001c50    00000020   00000020    r-- .cinit
20000000    20000000    00000216   00000000    rw-
  20000000    20000000    00000200   00000000    rw- .stack
  20000200    20000200    00000016   00000000    rw- .data


SECTION ALLOCATION MAP

 output                                  attributes/
section   page    origin      length       input sections
--------  ----  ----------  ----------   ----------------
.intvecs   0    00000000    0000026c     
                  00000000    0000026c     tm4c123gh6pm_startup_ccs.obj (.intvecs)

.text      0    0000026c    00001886     
                  0000026c    00001160     Port.obj (.text)
                  000013cc    0000030c     Dio.obj (.text)
                  000016d8    000000a8     Os.obj (.text)
                  00001780    0000009c     rtsv7M4_T_le_v4SPD16_eabi.lib : memcpy_t2.asm.obj (.text)
                  0000181c    0000007c     Button.obj (.text)
                  00001898    0000007c     Gpt.obj (.text)
                  00001914    00000068     rtsv7M4_T_le_v4SPD16_eabi.lib : copy_decompress_lzss.c.obj (.text:decompress:lzss:__TI_decompress_lzss)
                  0000197c    0000005c     App.obj (.text)
                  000019d8    00000044     rtsv7M4_T_le_v4SPD16_eabi.lib : autoinit.c.obj (.text:__TI_auto_init_nobinit_nopinit:__TI_auto_init_nobinit_nopinit)
                  00001a1c    0000003e     Led.obj (.text)
                  00001a5a    00000002     --HOLE-- [fill = 0]
                  00001a5c    00000034     rtsv7M4_T_le_v4SPD16_eabi.lib : boot_cortex_m.c.obj (.text:_c_int00_noargs:_c_int00_noargs)
                  00001a90    00000020     Mcu.obj (.text)
                  00001ab0    00000016     Det.obj (.text)
                  00001ac6    0000000e     rtsv7M4_T_le_v4SPD16_eabi.lib : copy_decompress_none.c.obj (.text:decompress:none:__TI_decompress_none)
                  00001ad4    0000000c     tm4c123gh6pm_startup_ccs.obj (.text)
                  00001ae0    0000000a     main.obj (.text)
                  00001aea    00000004     rtsv7M4_T_le_v4SPD16_eabi.lib : pre_init.c.obj (.text:_system_pre_init)
                  00001aee    00000004                                   : exit.c.obj (.text:abort:abort)

.const     0    00001af2    0000015c     
                  00001af2    00000158     Port_PBcfg.obj (.const:Port_Configuration)
                  00001c4a    00000004     Dio_PBcfg.obj (.const:Dio_Configuration)

.cinit     0    00001c50    00000020     
                  00001c50    0000000e     (.cinit..data.load) [load image, compression = lzss]
                  00001c5e    00000002     --HOLE-- [fill = 0]
                  00001c60    00000008     (__TI_handler_table)
                  00001c68    00000008     (__TI_cinit_table)

.init_array 
*          0    00000000    00000000     UNINITIALIZED

.data      0    20000200    00000016     UNINITIALIZED
                  20000200    00000005     Dio.obj (.data)
                  20000205    00000003     Button.obj (.data)
                  20000208    00000005     Port.obj (.data)
                  2000020d    00000002     App.obj (.data)
                  2000020f    00000001     --HOLE--
                  20000210    00000004     Gpt.obj (.data)
                  20000214    00000002     Os.obj (.data)

.stack     0    20000000    00000200     UNINITIALIZED
                  20000000    00000004     rtsv7M4_T_le_v4SPD16_eabi.lib : boot_cortex_m.c.obj (.stack)
                  20000004    000001fc     --HOLE--

__llvm_prf_cnts 
*          0    20000000    00000000     UNINITIALIZED

MODULE SUMMARY

       Module                         code   ro data   rw data
       ------                         ----   -------   -------
    .\
       Port.obj                       4448   0         5      
       Dio.obj                        780    0         5      
       tm4c123gh6pm_startup_ccs.obj   12     620       0      
       Port_PBcfg.obj                 0      344       0      
       Os.obj                         168    0         2      
       Gpt.obj                        124    0         4      
       Button.obj                     124    0         3      
       App.obj                        92     0         2      
       Led.obj                        62     0         0      
       Mcu.obj                        32     0         0      
       Det.obj                        22     0         0      
       main.obj                       10     0         0      
       Dio_PBcfg.obj                  0      4         0      
    +--+------------------------------+------+---------+---------+
       Total:                         5874   968       21     
                                                              
    C:\ti\ccs1260\ccs\tools\compiler\ti-cgt-arm_20.2.7.LTS\lib\rtsv7M4_T_le_v4SPD16_eabi.lib
       memcpy_t2.asm.obj              156    0         0      
       copy_decompress_lzss.c.obj     104    0         0      
       autoinit.c.obj                 68     0         0      
       boot_cortex_m.c.obj            52     0         0      
       copy_decompress_none.c.obj     14     0         0      
       exit.c.obj                     4      0         0      
       pre_init.c.obj                 4      0         0      
    +--+------------------------------+------+---------+---------+
       Total:                         402    0         0      
                                                              
       Stack:                         0      0         512    
       Linker Generated:              0      30        0      
    +--+------------------------------+------+---------+---------+
       Grand Total:                   6276   998       533    


LINKER GENERATED COPY TABLES

__TI_cinit_table @ 00001c68 records: 1, size/record: 8, table size: 8
	.data: load addr=00001c50, load size=0000000e bytes, run addr=20000200, run size=00000016 bytes, compression=lzss


LINKER GENERATED HANDLER TABLE

__TI_handler_table @ 00001c60 records: 2, size/record: 4, table size: 8
	index: 0, handler: __TI_decompress_lzss
	index: 1, handler: __TI_decompress_none


GLOBAL SYMBOLS: SORTED ALPHABETICALLY BY Name 

address   name                          
-------   ----                          
000019a1  App_Task                      
0000181d  Button_GetState               
00001823  Button_RefreshState           
00001991  Button_Task                   
00001aef  C$$EXIT                       
00001ab1  Det_ReportError               
00001c4a  Dio_Configuration             
000015ab  Dio_FlipChannel               
000013cd  Dio_Init                      
000014d1  Dio_ReadChannel               
000013f1  Dio_WriteChannel              
0000197d  Init_Task                     
00001a35  Led_RefreshOutput             
00001a29  Led_SetOff                    
00001a1d  Led_SetOn                     
00001999  Led_Task                      
00001a4d  Led_Toggle                    
00001a91  Mcu_Init                      
000016f3  Os_NewTimerTick               
00001703  Os_Scheduler                  
000016d9  Os_start                      
00001af2  Port_Configuration            
00000cf7  Port_GetVersionInfo           
00000c01  Port_RefreshPortDirection     
00000b0d  Port_SetPinDirection          
00000d3f  Port_SetPinMode               
00001ad5  ResetISR                      
00001899  SysTick_Handler               
000018f1  SysTick_SetCallBack           
000018a9  SysTick_Start                 
000018e9  SysTick_Stop                  
20000200  __STACK_END                   
00000200  __STACK_SIZE                  
20000200  __STACK_TOP                   
00001c68  __TI_CINIT_Base               
00001c70  __TI_CINIT_Limit              
00001c60  __TI_Handler_Table_Base       
00001c68  __TI_Handler_Table_Limit      
000019d9  __TI_auto_init_nobinit_nopinit
00001915  __TI_decompress_lzss          
00001ac7  __TI_decompress_none          
ffffffff  __TI_pprof_out_hndl           
ffffffff  __TI_prof_data_size           
ffffffff  __TI_prof_data_start          
00000000  __TI_static_base__            
00001781  __aeabi_memcpy                
00001781  __aeabi_memcpy4               
00001781  __aeabi_memcpy8               
ffffffff  __binit__                     
ffffffff  __c_args__                    
UNDEFED   __mpu_init                    
20000000  __stack                       
20000000  __start___llvm_prf_cnts       
20000000  __stop___llvm_prf_cnts        
00001a5d  _c_int00_noargs               
UNDEFED   _system_post_cinit            
00001aeb  _system_pre_init              
00001aef  abort                         
ffffffff  binit                         
00000000  g_pfnVectors                  
00001ae1  main                          
00001781  memcpy                        
0000026d  port_init                     


GLOBAL SYMBOLS: SORTED BY Symbol Address 

address   name                          
-------   ----                          
00000000  __TI_static_base__            
00000000  g_pfnVectors                  
00000200  __STACK_SIZE                  
0000026d  port_init                     
00000b0d  Port_SetPinDirection          
00000c01  Port_RefreshPortDirection     
00000cf7  Port_GetVersionInfo           
00000d3f  Port_SetPinMode               
000013cd  Dio_Init                      
000013f1  Dio_WriteChannel              
000014d1  Dio_ReadChannel               
000015ab  Dio_FlipChannel               
000016d9  Os_start                      
000016f3  Os_NewTimerTick               
00001703  Os_Scheduler                  
00001781  __aeabi_memcpy                
00001781  __aeabi_memcpy4               
00001781  __aeabi_memcpy8               
00001781  memcpy                        
0000181d  Button_GetState               
00001823  Button_RefreshState           
00001899  SysTick_Handler               
000018a9  SysTick_Start                 
000018e9  SysTick_Stop                  
000018f1  SysTick_SetCallBack           
00001915  __TI_decompress_lzss          
0000197d  Init_Task                     
00001991  Button_Task                   
00001999  Led_Task                      
000019a1  App_Task                      
000019d9  __TI_auto_init_nobinit_nopinit
00001a1d  Led_SetOn                     
00001a29  Led_SetOff                    
00001a35  Led_RefreshOutput             
00001a4d  Led_Toggle                    
00001a5d  _c_int00_noargs               
00001a91  Mcu_Init                      
00001ab1  Det_ReportError               
00001ac7  __TI_decompress_none          
00001ad5  ResetISR                      
00001ae1  main                          
00001aeb  _system_pre_init              
00001aef  C$$EXIT                       
00001aef  abort                         
00001af2  Port_Configuration            
00001c4a  Dio_Configuration             
00001c60  __TI_Handler_Table_Base       
00001c68  __TI_CINIT_Base               
00001c68  __TI_Handler_Table_Limit      
00001c70  __TI_CINIT_Limit              
20000000  __stack                       
20000000  __start___llvm_prf_cnts       
20000000  __stop___llvm_prf_cnts        
20000200  __STACK_END                   
20000200  __STACK_TOP                   
ffffffff  __TI_pprof_out_hndl           
ffffffff  __TI_prof_data_size           
ffffffff  __TI_prof_data_start          
ffffffff  __binit__                     
ffffffff  __c_args__                    
ffffffff  binit                         
UNDEFED   __mpu_init                    
UNDEFED   _system_post_cinit            

[63 symbols]
